// Jest Snapshot v1, https://goo.gl/fbAQLP

exports[`<FooterView /> renders correctly 1`] = `
<styled.div>
  <span>
    © Monkey and 
    <span
      aria-label="Banana"
      role="img"
    >
      🍌
    </span>
    , Inc.
  </span>
</styled.div>
`;
