// Jest Snapshot v1, https://goo.gl/fbAQLP

exports[`<ConfirmEmailView /> renders correctly 1`] = `
<styled.div>
  <p>
    Foo
  </p>
</styled.div>
`;
