// Jest Snapshot v1, https://goo.gl/fbAQLP

exports[`<ResetPasswordView /> not logged in renders correctly 1`] = `
<styled.div>
  <h3>
    Reset your password
  </h3>
  <form
    onSubmit={[Function]}
  >
    <Field
      component={[Function]}
      fullWidth={true}
      label="New Password"
      name="password"
      required={true}
      type="password"
    />
    <Field
      component={[Function]}
      fullWidth={true}
      label="Confirm New Password"
      name="password_confirmation"
      required={true}
      type="password"
    />
    <input
      className="btn"
      disabled={false}
      type="submit"
      value="Reset Password"
    />
    <span
      className="status"
    />
  </form>
</styled.div>
`;

exports[`<ResetPasswordView /> when already logged in redirects to / 1`] = `
<Redirect
  to="/"
/>
`;
