// Jest Snapshot v1, https://goo.gl/fbAQLP

exports[`<ForgotPasswordView /> not logged in renders correctly 1`] = `
<styled.div>
  <form
    onSubmit={[Function]}
  >
    <h3>
      Forgot your password?
    </h3>
    <Field
      component={[Function]}
      fullWidth={true}
      label="Email"
      name="email"
      required={true}
      type="text"
    />
    <input
      className="btn"
      disabled={false}
      type="submit"
      value="Request Password Reset"
    />
    <span
      className="status"
    />
    <p>
      <Link
        to="/signin"
      >
        Sign in
      </Link>
      <span
        style={
          Object {
            "padding": "0 1em",
          }
        }
      >
        |
      </span>
      <Link
        to="/register"
      >
        Don't have an account?
      </Link>
    </p>
  </form>
</styled.div>
`;

exports[`<ForgotPasswordView /> when already logged in renders correctly 1`] = `
<Redirect
  to="/profile"
/>
`;
