// Jest Snapshot v1, https://goo.gl/fbAQLP

exports[`<DashboardView /> renders correctly 1`] = `
<styled.div>
  <span>
    DASHBOARD VIEW
  </span>
</styled.div>
`;
